==> Making package: ani-cli 5.0-1 (jue 10 sep 2026 19:55:46)
==> Checking runtime dependencies...
==> Checking buildtime dependencies...
==> Retrieving sources...
  -> Downloading ani-cli-5.0.tar.gz...
  % Total    % Received % Xferd  Average Speed  Time    Time    Time   Current
                                 Dload  Upload  Total   Spent   Left   Speed
  0      0   0      0   0      0      0      0           00:02              0  0      0   0      0   0      0      0      0           00:02              0  0      0   0      0   0      0      0      0           00:02              0
  0      0   0      0   0      0      0      0           00:08              0100 462.8k   0 462.8k   0      0  53358      0           00:08              0100 462.8k   0 462.8k   0      0  53358      0           00:08              0100 462.8k   0 462.8k   0      0  53358      0           00:08              0
==> Validating source files with sha256sums...
    ani-cli-5.0.tar.gz ... Passed
==> Extracting sources...
  -> Extracting ani-cli-5.0.tar.gz with bsdtar
==> Entering fakeroot environment...
==> Starting package()...
==> Tidying install...
  -> Removing libtool files...
  -> Removing static library files...
  -> Purging unwanted files...
  -> Stripping unneeded symbols from binaries and libraries...
  -> Compressing man and info pages...
==> Checking for packaging issues...
==> Creating package "ani-cli"...
  -> Generating .PKGINFO file...
  -> Generating .BUILDINFO file...
  -> Adding install file...
  -> Generating .MTREE file...
  -> Compressing package...
==> Leaving fakeroot environment.
==> Finished making: ani-cli 5.0-1 (jue 10 sep 2026 19:55:56)
