==> Making package: antigravity 2.12.2-1 (jue 10 sep 2026 19:51:05)
==> Checking runtime dependencies...
==> Checking buildtime dependencies...
==> Retrieving sources...
  -> Found antigravity.desktop
  -> Found antigravity.png
  -> Downloading Antigravity-2.12.2-x86_64.tar.gz...
  % Total    % Received % Xferd  Average Speed  Time    Time    Time   Current
                                 Dload  Upload  Total   Spent   Left   Speed
  0      0   0      0   0      0      0      0           00:03              0  0 164.3M   0 453.5k   0      0 109.6k      0   25:34   00:04   25:30 453.9k 12 164.3M  12 20.77M   0      0  4.04M      0   00:40   00:05   00:35 10.39M 30 164.3M  30 49.97M   0      0  8.14M      0   00:20   00:06   00:14 16.66M 48 164.3M  48 79.13M   0      0 11.09M      0   00:14   00:07   00:07 19.80M 65 164.3M  65 107.5M   0      0 13.22M      0   00:12   00:08   00:04 21.52M 83 164.3M  83 136.9M   0      0 14.99M      0   00:10   00:09   00:01 27.32M 95 164.3M  95 157.4M   0      0 15.54M      0   00:10   00:10         27.35M100 164.3M 100 164.3M   0      0 15.50M      0   00:10   00:10         27.35M100 164.3M 100 164.3M   0      0 15.50M      0   00:10   00:10         27.35M100 164.3M 100 164.3M   0      0 15.50M      0   00:10   00:10         27.35M
==> Validating source files with b2sums...
    antigravity.desktop ... Passed
    antigravity.png ... Passed
==> Validating source_x86_64 files with b2sums...
    Antigravity-2.12.2-x86_64.tar.gz ... Passed
==> Extracting sources...
  -> Extracting Antigravity-2.12.2-x86_64.tar.gz with bsdtar
==> Entering fakeroot environment...
==> Starting package()...
==> Tidying install...
  -> Removing libtool files...
  -> Removing static library files...
  -> Purging unwanted files...
  -> Compressing man and info pages...
==> Checking for packaging issues...
==> Creating package "antigravity"...
  -> Generating .PKGINFO file...
  -> Generating .BUILDINFO file...
  -> Generating .MTREE file...
  -> Compressing package...
==> Leaving fakeroot environment.
==> Finished making: antigravity 2.12.2-1 (jue 10 sep 2026 19:51:20)
