==> Making package: hakuneko-desktop-bin 6.1.7-2 (jue 10 sep 2026 19:49:02)
==> Checking runtime dependencies...
==> Checking buildtime dependencies...
==> Retrieving sources...
  -> Downloading hakuneko-desktop_6.1.7_linux_amd64.deb...
  % Total    % Received % Xferd  Average Speed  Time    Time    Time   Current
                                 Dload  Upload  Total   Spent   Left   Speed
  0      0   0      0   0      0      0      0           00:03              0  0      0   0      0   0      0      0      0           00:03              0  0      0   0      0   0      0      0      0           00:03              0
  0      0   0      0   0      0      0      0           00:09              0 26 49.45M  26 13.07M   0      0  1.27M      0   00:38   00:10   00:28 13.08M 65 49.45M  65 32.47M   0      0  2.87M      0   00:17   00:11   00:06 16.24M100 49.45M 100 49.45M   0      0  4.05M      0   00:12   00:12         16.24M100 49.45M 100 49.45M   0      0  4.05M      0   00:12   00:12         16.24M100 49.45M 100 49.45M   0      0  4.05M      0   00:12   00:12         16.24M
  -> Found hakuneko-desktop.sh
==> Validating source files with sha512sums...
    hakuneko-desktop_6.1.7_linux_amd64.deb ... Passed
    hakuneko-desktop.sh ... Passed
==> Extracting sources...
  -> Extracting hakuneko-desktop_6.1.7_linux_amd64.deb with bsdtar
==> Entering fakeroot environment...
==> Starting package()...
==> Tidying install...
  -> Removing libtool files...
  -> Removing static library files...
  -> Purging unwanted files...
  -> Stripping unneeded symbols from binaries and libraries...
  -> Compressing man and info pages...
==> Checking for packaging issues...
==> Creating package "hakuneko-desktop-bin"...
  -> Generating .PKGINFO file...
  -> Generating .BUILDINFO file...
  -> Generating .MTREE file...
  -> Compressing package...
==> Leaving fakeroot environment.
==> Finished making: hakuneko-desktop-bin 6.1.7-2 (jue 10 sep 2026 19:49:19)
