==> Making package: kindlegen 2.9-7 (jue 10 sep 2026 19:49:34)
==> Checking runtime dependencies...
==> Checking buildtime dependencies...
==> Retrieving sources...
  -> Downloading kindlegen_linux_2.6_i386_v2_9.tar.gz...
  % Total    % Received % Xferd  Average Speed  Time    Time    Time   Current
                                 Dload  Upload  Total   Spent   Left   Speed
  0      0   0      0   0      0      0      0           00:01              0  0      0   0      0   0      0      0      0           00:02              0  0      0   0      0   0      0      0      0           00:02              0
  0      0   0      0   0      0      0      0           00:08              0  0 10.31M   0  48970   0      0   5368      0   33:34   00:09   33:25  47541 15 10.31M  15  1.63M   0      0 165.5k      0   01:03   00:10   00:53 818.1k100 10.31M 100 10.31M   0      0 969.7k      0   00:10   00:10         818.1k100 10.31M 100 10.31M   0      0 969.7k      0   00:10   00:10         818.1k100 10.31M 100 10.31M   0      0 969.7k      0   00:10   00:10         818.1k
==> Validating source files with md5sums...
    kindlegen_linux_2.6_i386_v2_9.tar.gz ... Passed
==> Validating source files with sha256sums...
    kindlegen_linux_2.6_i386_v2_9.tar.gz ... Passed
==> Extracting sources...
  -> Extracting kindlegen_linux_2.6_i386_v2_9.tar.gz with bsdtar
==> Entering fakeroot environment...
==> Starting package()...
==> Tidying install...
  -> Removing libtool files...
  -> Removing static library files...
  -> Purging unwanted files...
  -> Stripping unneeded symbols from binaries and libraries...
  -> Compressing man and info pages...
==> Checking for packaging issues...
==> Creating package "kindlegen"...
  -> Generating .PKGINFO file...
  -> Generating .BUILDINFO file...
  -> Generating .MTREE file...
  -> Compressing package...
==> Leaving fakeroot environment.
==> Finished making: kindlegen 2.9-7 (jue 10 sep 2026 19:49:46)
