==> Making package: omnissa-horizon-client 2606-1 (jue 10 sep 2026 19:49:54)
==> Checking runtime dependencies...
==> Checking buildtime dependencies...
==> Retrieving sources...
  -> Downloading omnissa-horizon-client-2606-8.19.0-32216036411.tar.gz...
  % Total    % Received % Xferd  Average Speed  Time    Time    Time   Current
                                 Dload  Upload  Total   Spent   Left   Speed
  0      0   0      0   0      0      0      0           00:03              0  7 325.0M   7 23.00M   0      0  5.71M      0   00:56   00:04   00:52 23.02M 15 325.0M  15 51.17M   0      0 10.18M      0   00:31   00:05   00:26 25.60M 19 325.0M  19 63.67M   0      0 10.56M      0   00:30   00:06   00:24 21.23M 22 325.0M  22 71.89M   0      0 10.23M      0   00:31   00:07   00:24 17.98M 24 325.0M  24 80.92M   0      0 10.04M      0   00:32   00:08   00:24 16.09M 27 325.0M  27 89.52M   0      0  9.88M      0   00:32   00:09   00:23 13.22M 29 325.0M  29 96.32M   0      0  9.58M      0   00:33   00:10   00:23  8.97M 34 325.0M  34 113.1M   0      0 10.23M      0   00:31   00:11   00:20  9.83M 44 325.0M  44 143.2M   0      0 11.88M      0   00:27   00:12   00:15 14.18M 55 325.0M  55 180.0M   0      0 13.79M      0   00:23   00:13   00:10 19.83M 66 325.0M  66 215.9M   0      0 15.37M      0   00:21   00:14   00:07 25.31M 75 325.0M  75 243.8M   0      0 16.20M      0   00:20   00:15   00:05 29.52M 80 325.0M  80 262.8M   0      0 16.37M      0   00:19   00:16   00:03 29.96M 84 325.0M  84 276.1M   0      0 16.19M      0   00:20   00:17   00:03 26.61M 92 325.0M  92 300.2M   0      0 16.63M      0   00:19   00:18   00:01 24.06M 98 325.0M  98 318.9M   0      0 16.74M      0   00:19   00:19         20.60M100 325.0M 100 325.0M   0      0 16.77M      0   00:19   00:19         20.60M100 325.0M 100 325.0M   0      0 16.77M      0   00:19   00:19         20.60M100 325.0M 100 325.0M   0      0 16.77M      0   00:19   00:19         20.60M
  -> Found horizon-icon.svg
  -> Found horizon-usb.service
  -> Found view-localhost.rr
==> Validating source files with sha256sums...
    omnissa-horizon-client-2606-8.19.0-32216036411.tar.gz ... Passed
    horizon-icon.svg ... Passed
    horizon-usb.service ... Passed
    view-localhost.rr ... Passed
==> Extracting sources...
  -> Extracting omnissa-horizon-client-2606-8.19.0-32216036411.tar.gz with bsdtar
==> Starting prepare()...
==> Starting build()...
==> Entering fakeroot environment...
==> Starting package_omnissa-horizon-client()...
==> Tidying install...
  -> Removing libtool files...
  -> Removing static library files...
  -> Purging unwanted files...
  -> Stripping unneeded symbols from binaries and libraries...
  -> Compressing man and info pages...
==> Checking for packaging issues...
==> Creating package "omnissa-horizon-client"...
  -> Generating .PKGINFO file...
  -> Generating .BUILDINFO file...
  -> Adding install file...
  -> Generating .MTREE file...
  -> Compressing package...
==> Starting package_omnissa-horizon-client-next()...
==> Tidying install...
  -> Removing libtool files...
  -> Removing static library files...
  -> Purging unwanted files...
  -> Stripping unneeded symbols from binaries and libraries...
  -> Compressing man and info pages...
==> Checking for packaging issues...
==> Creating package "omnissa-horizon-client-next"...
  -> Generating .PKGINFO file...
  -> Generating .BUILDINFO file...
  -> Generating .MTREE file...
  -> Compressing package...
==> Starting package_omnissa-horizon-file-association()...
==> Tidying install...
  -> Removing libtool files...
  -> Removing static library files...
  -> Purging unwanted files...
  -> Stripping unneeded symbols from binaries and libraries...
  -> Compressing man and info pages...
==> Checking for packaging issues...
==> Creating package "omnissa-horizon-file-association"...
  -> Generating .PKGINFO file...
  -> Generating .BUILDINFO file...
  -> Generating .MTREE file...
  -> Compressing package...
==> Starting package_omnissa-horizon-html5mmr()...
==> Tidying install...
  -> Removing libtool files...
  -> Removing static library files...
  -> Purging unwanted files...
  -> Stripping unneeded symbols from binaries and libraries...
  -> Compressing man and info pages...
==> Checking for packaging issues...
==> Creating package "omnissa-horizon-html5mmr"...
  -> Generating .PKGINFO file...
  -> Generating .BUILDINFO file...
  -> Generating .MTREE file...
  -> Compressing package...
==> Starting package_omnissa-horizon-integrated-printing()...
==> Tidying install...
  -> Removing libtool files...
  -> Removing static library files...
  -> Purging unwanted files...
  -> Stripping unneeded symbols from binaries and libraries...
  -> Compressing man and info pages...
==> Checking for packaging issues...
==> Creating package "omnissa-horizon-integrated-printing"...
  -> Generating .PKGINFO file...
  -> Generating .BUILDINFO file...
  -> Generating .MTREE file...
  -> Compressing package...
==> Starting package_omnissa-horizon-scanner-client()...
==> Tidying install...
  -> Removing libtool files...
  -> Removing static library files...
  -> Purging unwanted files...
  -> Stripping unneeded symbols from binaries and libraries...
  -> Compressing man and info pages...
==> Checking for packaging issues...
==> Creating package "omnissa-horizon-scanner-client"...
  -> Generating .PKGINFO file...
  -> Generating .BUILDINFO file...
  -> Generating .MTREE file...
  -> Compressing package...
==> Starting package_omnissa-horizon-serialport-client()...
==> Tidying install...
  -> Removing libtool files...
  -> Removing static library files...
  -> Purging unwanted files...
  -> Stripping unneeded symbols from binaries and libraries...
  -> Compressing man and info pages...
==> Checking for packaging issues...
==> Creating package "omnissa-horizon-serialport-client"...
  -> Generating .PKGINFO file...
  -> Generating .BUILDINFO file...
  -> Generating .MTREE file...
  -> Compressing package...
==> Starting package_omnissa-horizon-usb()...
==> Tidying install...
  -> Removing libtool files...
  -> Removing static library files...
  -> Purging unwanted files...
  -> Stripping unneeded symbols from binaries and libraries...
  -> Compressing man and info pages...
==> Checking for packaging issues...
==> Creating package "omnissa-horizon-usb"...
  -> Generating .PKGINFO file...
  -> Generating .BUILDINFO file...
  -> Adding install file...
  -> Generating .MTREE file...
  -> Compressing package...
==> Leaving fakeroot environment.
==> Finished making: omnissa-horizon-client 2606-1 (jue 10 sep 2026 19:50:28)
