==> Making package: parsec-bin 150_104a-1 (jue 10 sep 2026 19:50:34)
==> Checking runtime dependencies...
==> Checking buildtime dependencies...
==> Retrieving sources...
  -> Downloading parsec-bin-150_104a.deb...
  % Total    % Received % Xferd  Average Speed  Time    Time    Time   Current
                                 Dload  Upload  Total   Spent   Left   Speed
  0      0   0      0   0      0      0      0           00:01              0100  1.44M 100  1.44M   0      0  1.08M      0   00:01   00:01              0100  1.44M 100  1.44M   0      0  1.08M      0   00:01   00:01              0100  1.44M 100  1.44M   0      0  1.08M      0   00:01   00:01              0
==> Validating source files with sha256sums...
    parsec-bin-150_104a.deb ... Passed
==> Extracting sources...
  -> Extracting parsec-bin-150_104a.deb with bsdtar
==> Entering fakeroot environment...
==> Starting package()...
==> Tidying install...
  -> Removing libtool files...
  -> Removing static library files...
  -> Purging unwanted files...
  -> Compressing man and info pages...
==> Checking for packaging issues...
==> Creating package "parsec-bin"...
  -> Generating .PKGINFO file...
  -> Generating .BUILDINFO file...
  -> Generating .MTREE file...
  -> Compressing package...
==> Leaving fakeroot environment.
==> Finished making: parsec-bin 150_104a-1 (jue 10 sep 2026 19:50:36)
