==> Making package: trackma 0.10.3-2 (jue 10 sep 2026 19:55:26)
==> Checking runtime dependencies...
==> Checking buildtime dependencies...
==> Retrieving sources...
  -> Cloning trackma-0.10.3 git repo...
Cloning into bare repository '/tmp/eos-aur-build/trackma/trackma-0.10.3'...
  -> Cloning anime-relations git repo...
Cloning into bare repository '/tmp/eos-aur-build/trackma/anime-relations'...
  -> Found trackma-curses.desktop
  -> Found trackma-gtk.desktop
  -> Found trackma-qt.desktop
==> Validating source files with sha256sums...
    trackma-0.10.3 ... Passed
    anime-relations ... Skipped
    trackma-curses.desktop ... Passed
    trackma-gtk.desktop ... Passed
    trackma-qt.desktop ... Passed
==> Extracting sources...
  -> Creating working copy of trackma-0.10.3 git repo...
Cloning into 'trackma-0.10.3'...
done.
Switched to a new branch 'makepkg'
  -> Creating working copy of anime-relations git repo...
Cloning into 'anime-relations'...
done.
==> Starting prepare()...
Submodule 'trackma/data/anime-relations' (https://github.com/erengy/anime-relations) registered for path 'trackma/data/anime-relations'
Cloning into '/tmp/eos-aur-build/trackma/src/trackma-0.10.3/trackma/data/anime-relations'...
done.
Submodule path 'trackma/data/anime-relations': checked out '4a5549a43d14ffb268694c6821667fb47578e146'
==> Starting build()...
* Getting build dependencies for wheel...
* Building wheel...
Successfully built trackma-0.10.3-py3-none-any.whl
==> Entering fakeroot environment...
==> Starting package()...
install: creating directory '/tmp/eos-aur-build/trackma/pkg/trackma/usr/share'
install: creating directory '/tmp/eos-aur-build/trackma/pkg/trackma/usr/share/pixmaps'
'trackma/data/icon.png' -> '/tmp/eos-aur-build/trackma/pkg/trackma/usr/share/pixmaps/trackma.png'
install: creating directory '/tmp/eos-aur-build/trackma/pkg/trackma/usr/share/applications'
'/tmp/eos-aur-build/trackma/src/trackma-curses.desktop' -> '/tmp/eos-aur-build/trackma/pkg/trackma/usr/share/applications/trackma-curses.desktop'
'/tmp/eos-aur-build/trackma/src/trackma-gtk.desktop' -> '/tmp/eos-aur-build/trackma/pkg/trackma/usr/share/applications/trackma-gtk.desktop'
'/tmp/eos-aur-build/trackma/src/trackma-qt.desktop' -> '/tmp/eos-aur-build/trackma/pkg/trackma/usr/share/applications/trackma-qt.desktop'
==> Tidying install...
  -> Removing libtool files...
  -> Removing static library files...
  -> Purging unwanted files...
  -> Stripping unneeded symbols from binaries and libraries...
  -> Compressing man and info pages...
==> Checking for packaging issues...
==> Creating package "trackma"...
  -> Generating .PKGINFO file...
  -> Generating .BUILDINFO file...
  -> Generating .MTREE file...
  -> Compressing package...
==> Leaving fakeroot environment.
==> Finished making: trackma 0.10.3-2 (jue 10 sep 2026 19:55:42)
